2026-01-03 00:13:53 [main] INFO  c.s.p.SliceMasterPizzeriaApplication - Starting SliceMasterPizzeriaApplication using Java 21.0.9 with PID 4352 (C:\Users\anish\OneDrive\Documents\Desktop\Pizza\SliceMaster-Backend\target\pizzeria-backend-1.0.0.jar started by anish in C:\Users\anish\OneDrive\Documents\Desktop\Pizza)
2026-01-03 00:13:53 [main] DEBUG c.s.p.SliceMasterPizzeriaApplication - Running with Spring Boot v3.2.1, Spring v6.1.2
2026-01-03 00:13:53 [main] INFO  c.s.p.SliceMasterPizzeriaApplication - No active profile set, falling back to 1 default profile: "default"
2026-01-03 00:13:54 [main] INFO  o.s.d.r.c.RepositoryConfigurationDelegate - Bootstrapping Spring Data JPA repositories in DEFAULT mode.
2026-01-03 00:13:54 [main] INFO  o.s.d.r.c.RepositoryConfigurationDelegate - Finished Spring Data repository scanning in 65 ms. Found 9 JPA repository interfaces.
2026-01-03 00:13:55 [main] INFO  o.s.b.w.e.tomcat.TomcatWebServer - Tomcat initialized with port 8081 (http)
2026-01-03 00:13:55 [main] INFO  o.a.catalina.core.StandardService - Starting service [Tomcat]
2026-01-03 00:13:55 [main] INFO  o.a.catalina.core.StandardEngine - Starting Servlet engine: [Apache Tomcat/10.1.17]
2026-01-03 00:13:55 [main] INFO  o.a.c.c.C.[Tomcat].[localhost].[/] - Initializing Spring embedded WebApplicationContext
2026-01-03 00:13:55 [main] INFO  o.s.b.w.s.c.ServletWebServerApplicationContext - Root WebApplicationContext: initialization completed in 1823 ms
2026-01-03 00:13:55 [main] INFO  com.zaxxer.hikari.HikariDataSource - HikariPool-1 - Starting...
2026-01-03 00:13:55 [main] INFO  com.zaxxer.hikari.pool.HikariPool - HikariPool-1 - Added connection conn0: url=jdbc:h2:mem:slicemaster_db user=SA
2026-01-03 00:13:55 [main] INFO  com.zaxxer.hikari.HikariDataSource - HikariPool-1 - Start completed.
2026-01-03 00:13:55 [main] INFO  o.s.b.a.h.H2ConsoleAutoConfiguration - H2 console available at '/h2-console'. Database available at 'jdbc:h2:mem:slicemaster_db'
2026-01-03 00:13:56 [main] INFO  o.h.jpa.internal.util.LogHelper - HHH000204: Processing PersistenceUnitInfo [name: default]
2026-01-03 00:13:56 [main] INFO  org.hibernate.Version - HHH000412: Hibernate ORM core version 6.4.1.Final
2026-01-03 00:13:56 [main] INFO  o.h.c.i.RegionFactoryInitiator - HHH000026: Second-level cache disabled
2026-01-03 00:13:56 [main] INFO  o.s.o.j.p.SpringPersistenceUnitInfo - No LoadTimeWeaver setup: ignoring JPA class transformer
2026-01-03 00:13:56 [main] WARN  org.hibernate.orm.deprecation - HHH90000025: H2Dialect does not need to be specified explicitly using 'hibernate.dialect' (remove the property setting and it will be selected by default)
2026-01-03 00:13:57 [main] INFO  o.h.e.t.j.p.i.JtaPlatformInitiator - HHH000489: No JTA platform available (set 'hibernate.transaction.jta.platform' to enable JTA platform integration)
2026-01-03 00:13:57 [main] INFO  o.s.o.j.LocalContainerEntityManagerFactoryBean - Initialized JPA EntityManagerFactory for persistence unit 'default'
2026-01-03 00:13:58 [main] DEBUG c.s.p.s.JwtAuthenticationFilter - Filter 'jwtAuthenticationFilter' configured for use
2026-01-03 00:13:58 [main] INFO  o.s.d.j.r.query.QueryEnhancerFactory - Hibernate is in classpath; If applicable, HQL parser will be used.
2026-01-03 00:13:58 [main] INFO  c.s.pizzeria.service.Web3Service - Web3 Service initialized with network: https://polygon-rpc.com
2026-01-03 00:13:58 [main] INFO  c.s.pizzeria.service.SmsService - Twilio SMS Service initialized
2026-01-03 00:13:59 [main] WARN  o.s.b.a.o.j.JpaBaseConfiguration$JpaWebConfiguration - spring.jpa.open-in-view is enabled by default. Therefore, database queries may be performed during view rendering. Explicitly configure spring.jpa.open-in-view to disable this warning
2026-01-03 00:13:59 [main] INFO  o.s.s.web.DefaultSecurityFilterChain - Will secure any request with [org.springframework.security.web.session.DisableEncodeUrlFilter@6fffad6d, org.springframework.security.web.context.request.async.WebAsyncManagerIntegrationFilter@17b65876, org.springframework.security.web.context.SecurityContextHolderFilter@7f4050f0, org.springframework.security.web.header.HeaderWriterFilter@66b09935, org.springframework.web.filter.CorsFilter@25478603, org.springframework.security.web.authentication.logout.LogoutFilter@1e2d4645, com.slicemaster.pizzeria.security.JwtAuthenticationFilter@6f0df74, org.springframework.security.web.savedrequest.RequestCacheAwareFilter@18f9c19c, org.springframework.security.web.servletapi.SecurityContextHolderAwareRequestFilter@2d60947f, org.springframework.security.web.authentication.AnonymousAuthenticationFilter@3c7dbf1f, org.springframework.security.web.session.SessionManagementFilter@62d42eb7, org.springframework.security.web.access.ExceptionTranslationFilter@76795a95, org.springframework.security.web.access.intercept.AuthorizationFilter@39b8313d]
2026-01-03 00:13:59 [main] INFO  o.s.b.w.e.tomcat.TomcatWebServer - Tomcat started on port 8081 (http) with context path ''
2026-01-03 00:13:59 [main] INFO  o.s.m.s.b.SimpleBrokerMessageHandler - Starting...
2026-01-03 00:13:59 [main] INFO  o.s.m.s.b.SimpleBrokerMessageHandler - BrokerAvailabilityEvent[available=true, SimpleBrokerMessageHandler [org.springframework.messaging.simp.broker.DefaultSubscriptionRegistry@46bf0d38]]
2026-01-03 00:13:59 [main] INFO  o.s.m.s.b.SimpleBrokerMessageHandler - Started.
2026-01-03 00:13:59 [main] INFO  c.s.p.SliceMasterPizzeriaApplication - Started SliceMasterPizzeriaApplication in 6.592 seconds (process running for 7.303)
2026-01-03 00:14:52 [SpringApplicationShutdownHook] INFO  o.s.m.s.b.SimpleBrokerMessageHandler - Stopping...
2026-01-03 00:14:52 [SpringApplicationShutdownHook] INFO  o.s.m.s.b.SimpleBrokerMessageHandler - BrokerAvailabilityEvent[available=false, SimpleBrokerMessageHandler [org.springframework.messaging.simp.broker.DefaultSubscriptionRegistry@46bf0d38]]
2026-01-03 00:14:52 [SpringApplicationShutdownHook] INFO  o.s.m.s.b.SimpleBrokerMessageHandler - Stopped.
2026-01-03 00:14:52 [SpringApplicationShutdownHook] INFO  o.s.o.j.LocalContainerEntityManagerFactoryBean - Closing JPA EntityManagerFactory for persistence unit 'default'
2026-01-03 00:14:52 [SpringApplicationShutdownHook] INFO  com.zaxxer.hikari.HikariDataSource - HikariPool-1 - Shutdown initiated...
2026-01-03 00:14:52 [SpringApplicationShutdownHook] INFO  com.zaxxer.hikari.HikariDataSource - HikariPool-1 - Shutdown completed.
